nivel 0-1

bandit1@bandit:~$ ls
readme
bandit1@bandit:~$ cat readme

NH2SXQwcBdpmTEzi3bvBHMM9H66vVXjL

bandit1@bandit:~$ exit
logout
Connection to bandit.labs.overthewire.org closed.

----------------------------------------------------------------------------------------------
nivel 1-2

ssh bandit1@bandit.labs.overthewire.org -p 2220

bandit1@bandit:~$ ls
-
bandit1@bandit:~$ cat -
^C
bandit1@bandit:~$ cat ./-
rRGizSaX8Mk1RTb1CNQoXTcYZWU6lgzi
bandit1@bandit:~$ exit
logout
Connection to bandit.labs.overthewire.org closed.

----------------------------------------------------------------------------------------------
nivel 2-3

ssh bandit2@bandit.labs.overthewire.org -p 2220

bandit2@bandit:~$ ls
spaces in this filename
bandit2@bandit:~$ cat spaces in this filename
cat: spaces: No such file or directory
cat: in: No such file or directory
cat: this: No such file or directory
cat: filename: No such file or directory
bandit2@bandit:~$ cat "spaces in this filename"
aBZ0W5EmUfAf7kHTQeOwd8bauFJ2lAiG
bandit2@bandit:~$ exit
logout
Connection to bandit.labs.overthewire.org closed.

----------------------------------------------------------------------------------------------
nivel 3-4

ssh bandit3@bandit.labs.overthewire.org -p 2220

bandit3@bandit:~$ ls
inhere
bandit3@bandit:~$ cd inheare
-bash: cd: inheare: No such file or directory
bandit3@bandit:~$ cd /inhere
-bash: cd: /inhere: No such file or directory
bandit3@bandit:~$ cd inhere/
bandit3@bandit:~/inhere$ ls
bandit3@bandit:~/inhere$ -a
-a: command not found
bandit3@bandit:~/inhere$ ls-a
ls-a: command not found
bandit3@bandit:~/inhere$ ls -a
.  ..  .hidden
bandit3@bandit:~/inhere$ cat .hidden
2EW7BBsr6aMMoJ2HjW067dm8EgX26xNe
bandit3@bandit:~/inhere$ exit
logout
Connection to bandit.labs.overthewire.org closed.
                                                    
----------------------------------------------------------------------------------------------
nivel 4-5

ssh bandit4@bandit.labs.overthewire.org -p 2220

bandit4@bandit:~$ ls
inhere
bandit4@bandit:~$ cd inhere/
bandit4@bandit:~/inhere$ ls
-file00  -file01  -file02  -file03  -file04  -file05  -file06  -file07  -file08  -file09
bandit4@bandit:~/inhere$ cat ./-file00
�Ű��Bη���b<Q�Ƞ�+V�iO�1�[5{�bandit4@bandit:~/inhere$ cat ./-file01
jmD�B�0D�tQ*��)�A���V �]Ȕl�bandit4@bandit:~/inhere$ cat ./-file02
x(��z��.T26 F8qqlY���v�FN#��'~bandit4@bandit:~/inhere$ cat ./-file03
�E�Q�"�p�
����4�}�]��G�A��u[�/9�bandit4@bandit:~/inhere$ cat ./-file04
�Mrj�S�r_E�,�����G+�h|�+
�=>KQ�bandit4@bandit:~/inhere$ cat ./-file05
2��]o-p8q�츑���D�
                 .~��&ϯ"PT�Ibandit4@bandit:~/inhere$ cat ./-file06
'�cwk^j�������M����;,���co�9bandit4@bandit:~/inhere$ cat ./-file07
lrIWWI6bB37kxfiCQZqUdOIYfr6eEeqR
bandit4@bandit:~/inhere$ cat ./-file08
�׉ǰ�6=�>>�ӫ�w�<U'=�@��Z�xjbandit4@bandit:~/inhere$ cat ./-file09
�?3��[ٲN|?�G|b�G�[8�y�-�*�
                          ��
                            bandit4@bandit:~/inhere$ cat ./-file07
lrIWWI6bB37kxfiCQZqUdOIYfr6eEeqR

bandit4@bandit:~/inhere$ exit

----------------------------------------------------------------------------------------------
nivel 5-6

ssh bandit5@bandit.labs.overthewire.org -p 2220

bandit5@bandit:~$ ls
inhere
bandit5@bandit:~$ cd inhere
bandit5@bandit:~/inhere$ ls
maybehere00  maybehere03  maybehere06  maybehere09  maybehere12  maybehere15  maybehere18
maybehere01  maybehere04  maybehere07  maybehere10  maybehere13  maybehere16  maybehere19
maybehere02  maybehere05  maybehere08  maybehere11  maybehere14  maybehere17
bandit5@bandit:~/inhere$ man ls
bandit5@bandit:~/inhere$ ls-R
ls-R: command not found
bandit5@bandit:~/inhere$ ls -R
.:
maybehere00  maybehere03  maybehere06  maybehere09  maybehere12  maybehere15  maybehere18
maybehere01  maybehere04  maybehere07  maybehere10  maybehere13  maybehere16  maybehere19
maybehere02  maybehere05  maybehere08  maybehere11  maybehere14  maybehere17

./maybehere00:
-file1  -file2  -file3  spaces file1  spaces file2  spaces file3

./maybehere01:
-file1  -file2  -file3  spaces file1  spaces file2  spaces file3

./maybehere02:
-file1  -file2  -file3  spaces file1  spaces file2  spaces file3

./maybehere03:
-file1  -file2  -file3  spaces file1  spaces file2  spaces file3

./maybehere04:
-file1  -file2  -file3  spaces file1  spaces file2  spaces file3

./maybehere05:
-file1  -file2  -file3  spaces file1  spaces file2  spaces file3

./maybehere06:
-file1  -file2  -file3  spaces file1  spaces file2  spaces file3

./maybehere07:
-file1  -file2  -file3  spaces file1  spaces file2  spaces file3

./maybehere08:
-file1  -file2  -file3  spaces file1  spaces file2  spaces file3

./maybehere09:
-file1  -file2  -file3  spaces file1  spaces file2  spaces file3

./maybehere10:
-file1  -file2  -file3  spaces file1  spaces file2  spaces file3

./maybehere11:
-file1  -file2  -file3  spaces file1  spaces file2  spaces file3

./maybehere12:
-file1  -file2  -file3  spaces file1  spaces file2  spaces file3

./maybehere13:
-file1  -file2  -file3  spaces file1  spaces file2  spaces file3

./maybehere14:
-file1  -file2  -file3  spaces file1  spaces file2  spaces file3

./maybehere15:
-file1  -file2  -file3  spaces file1  spaces file2  spaces file3

./maybehere16:
-file1  -file2  -file3  spaces file1  spaces file2  spaces file3

./maybehere17:
-file1  -file2  -file3  spaces file1  spaces file2  spaces file3

./maybehere18:
-file1  -file2  -file3  spaces file1  spaces file2  spaces file3

./maybehere19:
-file1  -file2  -file3  spaces file1  spaces file2  spaces file3
bandit5@bandit:~/inhere$ man find
bandit5@bandit:~/inhere$ find . -size 1033c -type f
./maybehere07/.file2
bandit5@bandit:~/inhere$ cat /maybehere07/.file2
cat: /maybehere07/.file2: No such file or directory
bandit5@bandit:~/inhere$ cat /maybehere07/.file2
cat: /maybehere07/.file2: No such file or directory
bandit5@bandit:~/inhere$ cat ./maybehere07/.file2
P4L4vucdmLnm8I7Vl7jG1ApGSfjYKqJU
                                                                                bandit5@bandit:~/inhere$ exit
logout
Connection to bandit.labs.overthewire.org closed.

----------------------------------------------------------------------------------------------
nivel 6-7

ssh bandit6@bandit.labs.overthewire.org -p 2220


bandit6@bandit:~$ ls
bandit6@bandit:~$ man find
bandit6@bandit:~$ find / -u bandit7 -group bandit6
find: unknown predicate `-u'
bandit6@bandit:~$ find / -user bandit7 -group bandit6 -size 33c
find: ‘/var/log’: Permission denied
find: ‘/var/crash’: Permission denied
find: ‘/var/spool/rsyslog’: Permission denied
find: ‘/var/spool/bandit24’: Permission denied
find: ‘/var/spool/cron/crontabs’: Permission denied
find: ‘/var/tmp’: Permission denied
find: ‘/var/lib/polkit-1’: Permission denied
/var/lib/dpkg/info/bandit7.password
find: ‘/var/lib/chrony’: Permission denied
find: ‘/var/lib/apt/lists/partial’: Permission denied
find: ‘/var/lib/amazon’: Permission denied
find: ‘/var/lib/update-notifier/package-data-downloads/partial’: Permission denied
find: ‘/var/lib/snapd/void’: Permission denied
find: ‘/var/lib/snapd/cookie’: Permission denied
find: ‘/var/lib/ubuntu-advantage/apt-esm/var/lib/apt/lists/partial’: Permission denied
find: ‘/var/lib/private’: Permission denied
find: ‘/var/snap/lxd/common/lxd’: Permission denied
find: ‘/var/cache/ldconfig’: Permission denied
find: ‘/var/cache/apt/archives/partial’: Permission denied
find: ‘/var/cache/pollinate’: Permission denied
find: ‘/var/cache/private’: Permission denied
find: ‘/var/cache/apparmor/a4dd844e.0’: Permission denied
find: ‘/var/cache/apparmor/8eeb6286.0’: Permission denied
find: ‘/drifter/drifter14_src/axTLS’: Permission denied
find: ‘/home/bandit29-git’: Permission denied
find: ‘/home/drifter6/data’: Permission denied
find: ‘/home/bandit28-git’: Permission denied
find: ‘/home/drifter8/chroot’: Permission denied
find: ‘/home/ubuntu’: Permission denied
find: ‘/home/bandit5/inhere’: Permission denied
find: ‘/home/bandit27-git’: Permission denied
find: ‘/home/bandit30-git’: Permission denied
find: ‘/home/bandit31-git’: Permission denied
find: ‘/boot/efi’: Permission denied
find: ‘/proc/tty/driver’: Permission denied
find: ‘/proc/687198/task/687198/fd/6’: No such file or directory
find: ‘/proc/687198/task/687198/fdinfo/6’: No such file or directory
find: ‘/proc/687198/fd/5’: No such file or directory
find: ‘/proc/687198/fdinfo/5’: No such file or directory
find: ‘/etc/polkit-1/localauthority’: Permission denied
find: ‘/etc/ssl/private’: Permission denied
find: ‘/etc/multipath’: Permission denied
find: ‘/etc/sudoers.d’: Permission denied
find: ‘/dev/mqueue’: Permission denied
find: ‘/dev/shm’: Permission denied
find: ‘/tmp’: Permission denied
find: ‘/snap’: Permission denied
find: ‘/lost+found’: Permission denied
find: ‘/run/chrony’: Permission denied
find: ‘/run/user/11011’: Permission denied
find: ‘/run/user/11022’: Permission denied
find: ‘/run/user/11015’: Permission denied
find: ‘/run/user/11032’: Permission denied
find: ‘/run/user/11009’: Permission denied
find: ‘/run/user/11031’: Permission denied
find: ‘/run/user/11019’: Permission denied
find: ‘/run/user/11007’: Permission denied
find: ‘/run/user/8003’: Permission denied
find: ‘/run/user/11029’: Permission denied
find: ‘/run/user/11010’: Permission denied
find: ‘/run/user/11014’: Permission denied
find: ‘/run/user/11021’: Permission denied
find: ‘/run/user/11002’: Permission denied
find: ‘/run/user/11013’: Permission denied
find: ‘/run/user/11025’: Permission denied
find: ‘/run/user/11023’: Permission denied
find: ‘/run/user/11004’: Permission denied
find: ‘/run/user/11001’: Permission denied
find: ‘/run/user/11024’: Permission denied
find: ‘/run/user/11016’: Permission denied
find: ‘/run/user/11005’: Permission denied
find: ‘/run/user/11000’: Permission denied
find: ‘/run/user/11006/systemd/inaccessible/dir’: Permission denied
find: ‘/run/user/11012’: Permission denied
find: ‘/run/user/11008’: Permission denied
find: ‘/run/sudo’: Permission denied
find: ‘/run/screen/S-bandit0’: Permission denied
find: ‘/run/multipath’: Permission denied
find: ‘/run/cryptsetup’: Permission denied
find: ‘/run/lvm’: Permission denied
find: ‘/run/credentials/systemd-sysusers.service’: Permission denied
find: ‘/run/systemd/propagate’: Permission denied
find: ‘/run/systemd/unit-root’: Permission denied
find: ‘/run/systemd/inaccessible/dir’: Permission denied
find: ‘/run/lock/lvm’: Permission denied
find: ‘/root’: Permission denied
find: ‘/sys/kernel/tracing’: Permission denied
find: ‘/sys/kernel/debug’: Permission denied
find: ‘/sys/fs/pstore’: Permission denied
find: ‘/sys/fs/bpf’: Permission denied
bandit6@bandit:~$ 
bandit6@bandit:~$ find / -user bandit7 -group bandit6 -size 33c 2>/dev/null
/var/lib/dpkg/info/bandit7.password
bandit6@bandit:~$ cd /var/lib/dpkg/info/bandit7.password
-bash: cd: /var/lib/dpkg/info/bandit7.password: Not a directory
bandit6@bandit:~$ cat /var/lib/dpkg/info/bandit7.password
z7WtoNQU2XfjmMtWA8u5rN4vzqu4v99S
bandit6@bandit:~$ 

----------------------------------------------------------------------------------------------
nivel 7-8

ssh bandit7@bandit.labs.overthewire.org -p 2220

bandit7@bandit:~$ ls
data.txt
bandit7@bandit:~$ map grep
Command 'map' not found, but there are 29 similar ones.
bandit7@bandit:~$ man grep
bandit7@bandit:~$ cat data.txt | grep millionth
millionth       TESKZC0XvTetK0S9xNwm25STk5iWrBvP
bandit7@bandit:~$ grep millionth data.txt
millionth       TESKZC0XvTetK0S9xNwm25STk5iWrBvP
bandit7@bandit:~$ exit
logout
Connection to bandit.labs.overthewire.org closed.

----------------------------------------------------------------------------------------------
nivel 8-9

ssh bandit8@bandit.labs.overthewire.org -p 2220

bandit8@bandit:~$ ls                              
data.txt
bandit8@bandit:~$ wc data.txt
 1001  1001 33033 data.txt
bandit8@bandit:~$ man sort
bandit8@bandit:~$ man uniq
bandit8@bandit:~$ cat data.txt | sort | uniq -u
EN632PlfYiZbn3PhVK3XOGSlNInNE00t
bandit8@bandit:~$ exit
logout
Connection to bandit.labs.overthewire.org closed.

----------------------------------------------------------------------------------------------
nivel 9-10

ssh bandit9@bandit.labs.overthewire.org -p 2220

ls
data.txt
man string
cat data.txt | strings

cat data.txt | strings | grep ==

4========== the#
========== password
========== is
========== G7w8LIi6J3kTb8A7j9LgrywtEUlyyp6s

bandit9@bandit:~$ exit
logout
Connection to bandit.labs.overthewire.org closed.

----------------------------------------------------------------------------------------------
nivel 10-11

ssh bandit10@bandit.labs.overthewire.org -p 2220

bandit10@bandit:~$ ls
data.txt
bandit10@bandit:~$ cat data.txt
VGhlIHBhc3N3b3JkIGlzIDZ6UGV6aUxkUjJSS05kTllGTmI2blZDS3pwaGxYSEJNCg==
bandit10@bandit:~$ man base64
bandit10@bandit:~$ cat data.txt | base64 -d
The password is 6zPeziLdR2RKNdNYFNb6nVCKzphlXHBM
bandit10@bandit:~$ base64 -d data.txt
The password is 6zPeziLdR2RKNdNYFNb6nVCKzphlXHBM
bandit10@bandit:~$ exit
logout
Connection to bandit.labs.overthewire.org closed.

----------------------------------------------------------------------------------------------
nivel 11-12

ssh bandit11@bandit.labs.overthewire.org -p 2220

bandit11@bandit:~$ ls
data.txt
bandit11@bandit:~$ ls -la
total 24
drwxr-xr-x  2 root     root     4096 Apr 23 18:04 .
drwxr-xr-x 70 root     root     4096 Apr 23 18:05 ..
-rw-r--r--  1 root     root      220 Jan  6  2022 .bash_logout
-rw-r--r--  1 root     root     3771 Jan  6  2022 .bashrc
-rw-r-----  1 bandit12 bandit11   49 Apr 23 18:04 data.txt
-rw-r--r--  1 root     root      807 Jan  6  2022 .profile
bandit11@bandit:~$ cat data.txt
Gur cnffjbeq vf WIAOOSFzMjXXBC0KoSKBbJ8puQm5lIEi
bandit11@bandit:~$ man tr
bandit11@bandit:~$ cat data.txt | tr [a-zA-Z] [n-za-mN-ZA-M]
The password is JVNBBFSmZwKKOP0XbFXOoW8chDz5yVRv
bandit11@bandit:~$ exit
logout
Connection to bandit.labs.overthewire.org closed.

----------------------------------------------------------------------------------------------
nivel 12-13

ssh bandit12@bandit.labs.overthewire.org -p 2220

bandit12@bandit:~$ ls
data.txt
bandit12@bandit:~$ cat data.txt
00000000: 1f8b 0808 2773 4564 0203 6461 7461 322e  ....'sEd..data2.
00000010: 6269 6e00 0145 02ba fd42 5a68 3931 4159  bin..E...BZh91AY
00000020: 2653 597b 4f96 5f00 0018 ffff fd6f e7ed  &SY{O._......o..
00000030: bff7 bef7 9fdb d7ca ffbf edff 8ded dfd7  ................
00000040: bfe7 bbff bfdb fbff ffbf ff9f b001 3b56  ..............;V
00000050: 0400 0068 0064 3400 d341 a000 0680 0699  ...h.d4..A......
00000060: 0000 69a0 0000 1a00 1a0d 0034 0034 d3d4  ..i........4.4..
00000070: d1a3 d464 6834 6403 d469 b422 0d00 3400  ...dh4d..i."..4.
00000080: 1a68 068d 3403 4d06 8d00 0c80 00f5 0003  .h..4.M.........
00000090: 4031 3119 00d0 1a68 1a34 c86d 4640 00d0  @11....h.4.mF@..
000000a0: 0007 a80d 000d 00e9 a340 d034 0341 a000  .........@.4.A..
000000b0: 0699 07a9 881e a0d0 da80 6834 0c43 4068  ..........h4.C@h
000000c0: 6432 0340 0c80 6800 0346 8006 8000 d034  d2.@..h..F.....4
000000d0: 0001 f0e1 810e 1958 b7a4 92c7 640e 421a  .......X....d.B.
000000e0: a147 6142 a67e 3603 a756 3ba9 1b08 e034  .GaB.~6..V;....4
000000f0: 41fd 1247 661d b380 00b7 cd8c b23e b6b2  A..Gf........>..
00000100: 1947 e803 0be5 6077 a542 e9ea 7810 29f0  .G....`w.B..x.).
00000110: 429d e1d7 ad8b 0b78 056b e37c 06df 4917  B......x.k.|..I.
00000120: 9b46 f69d 4473 80b4 edc2 ee10 04e3 3e52  .F..Ds........>R
00000130: dd34 2244 08cb 5e64 9314 9521 505e e767  .4"D..^d...!P^.g
00000140: 9021 d029 85e7 9ce2 d1ce d44f 5ec5 f6d6  .!.).......O^...
00000150: d918 de31 f1f5 d149 4695 0937 d06b f046  ...1...IF..7.k.F
00000160: 789d 1bd0 ca69 11eb 2c9a 3290 3d9e 0511  x....i..,.2.=...
00000170: 6cad 205b edc8 c4b5 4691 379a 5978 58c3  l. [....F.7.YxX.
00000180: 4846 a4a0 3ba5 a89a a794 1f93 c588 8160  HF..;..........`
00000190: 016e 2504 2c74 643b 5046 4154 751c 33b1  .n%.,td;PFATu.3.
000001a0: c3e5 53d8 a959 5fdc 6c12 f2bd 02f3 2d83  ..S..Y_.l.....-.
000001b0: b965 3188 0d3c b097 4156 e950 9d49 64f6  .e1..<..AV.P.Id.
000001c0: da4a 2db5 a4ea 5365 27c0 1e79 8109 5f31  .J-...Se'..y.._1
000001d0: c184 46c9 74a5 f923 5ea1 6861 f058 226c  ..F.t..#^.ha.X"l
000001e0: 3df6 5d10 d11f d966 77c9 e488 448c 5a6f  =.]....fw...D.Zo
000001f0: 2c10 410b 4280 140a 0818 8afa 0cfa 8bf7  ,.A.B...........
00000200: ad34 3308 4077 6552 9849 378e 7d85 1fd8  .43.@weR.I7.}...
00000210: f287 1238 7639 11e2 f1e6 483b 7548 25e2  ...8v9....H;uH%.
00000220: 7de4 24ff 1a69 0b85 4b4c ebd0 1231 a512  }.$..i..KL...1..
00000230: f9fb 109c e7ea d932 98fd eb76 f4f8 fa29  .......2...v...)
00000240: 967c e152 9c69 c607 6207 eaef 2095 9441  .|.R.i..b... ..A
00000250: a64e 9ffc 5dc9 14e1 4241 ed3e 597c 9f2e  .N..]...BA.>Y|..
00000260: f0c8 4502 0000                           ..E...
bandit12@bandit:~$ man xxd
bandit12@bandit:~$ cat data.txt | xxd -r
4▒h�4M�h4d�i�"��BZh91AY&SY{O�_▒���o�����������������׿������������;Vhd4�A���i�▒▒
��@�4A������ڀh4▒4�mF@��
               C@hd2@
                     �hF���4���X����dB▒�GaB�~6�V;4A�Gf����>��G�
                                                               �`w�B��x)�B��׭�
                                                                              xk�|�I�F��Ds������>R�4"�^d��!P^�g�!�)�������O^����▒�1���IF� 7�k�Fx��i�,�2�=�l� [��ĵF�7�YxX�HF��;������ň�`n%,td;PFATu3�<��AV�P�Id��J-���Se'�y� _1��F�t��#^�ha�X"l=�]��fw���D�Zo,A
                                                          B�
▒��
   ����4@weR�I7�}����8v9���H;uH%�}�$�▒i
                                       �KL��1�������2���v���)�|�R�i�b�� ��A�N��]��BA�>Y|�.��Ebandit12@bandit:~$ mkdir /tmp/yoshua123                                                                
bandit12@bandit:~$ cat data.txt | xxd -r > /tmp/yoshua123/doc.bin
bandit12@bandit:~$ cd /tmp/yoshua123
bandit12@bandit:/tmp/yoshua123$ ls
doc.bin
bandit12@bandit:/tmp/yoshua123$ file doc.bin
doc.bin: gzip compressed data, was "data2.bin", last modified: Sun Apr 23 18:04:23 2023, max compression, from Unix, original size modulo 2^32 581
bandit12@bandit:/tmp/yoshua123$ mv doc.bin doc.gz
bandit12@bandit:/tmp/yoshua123$ ls
doc.gz
bandit12@bandit:/tmp/yoshua123$ gzip -d doc.gz
bandit12@bandit:/tmp/yoshua123$ ls
doc
bandit12@bandit:/tmp/yoshua123$ file doc
doc: bzip2 compressed data, block size = 900k
bandit12@bandit:/tmp/yoshua123$ mv doc.bz2
mv: missing destination file operand after 'doc.bz2'
Try 'mv --help' for more information.
bandit12@bandit:/tmp/yoshua123$ ls
doc
bandit12@bandit:/tmp/yoshua123$ mv doc coc.bz2
bandit12@bandit:/tmp/yoshua123$ bzip2  -d coc.bz2
bandit12@bandit:/tmp/yoshua123$ ls
coc
bandit12@bandit:/tmp/yoshua123$ file coc
coc: gzip compressed data, was "data4.bin", last modified: Sun Apr 23 18:04:23 2023, max compression, from Unix, original size modulo 2^32 20480
bandit12@bandit:/tmp/yoshua123$ mv coc doc.gz
bandit12@bandit:/tmp/yoshua123$ gzip -d doc.gz
bandit12@bandit:/tmp/yoshua123$ ls
doc
bandit12@bandit:/tmp/yoshua123$ file doc
doc: POSIX tar archive (GNU)
bandit12@bandit:/tmp/yoshua123$ mv doc doc.tar
bandit12@bandit:/tmp/yoshua123$ tar xf doc.tar
bandit12@bandit:/tmp/yoshua123$ ls
data5.bin  doc.tar
bandit12@bandit:/tmp/yoshua123$ rm doc.tar
bandit12@bandit:/tmp/yoshua123$ ls
data5.bin
bandit12@bandit:/tmp/yoshua123$ file data5.bin
data5.bin: POSIX tar archive (GNU)
bandit12@bandit:/tmp/yoshua123$ mv data5.bin doc.tar
bandit12@bandit:/tmp/yoshua123$ ls
doc.tar
bandit12@bandit:/tmp/yoshua123$ tar xf doc.tar
bandit12@bandit:/tmp/yoshua123$ ls
data6.bin  doc.tar
bandit12@bandit:/tmp/yoshua123$ rm doc.tar
bandit12@bandit:/tmp/yoshua123$ ls
data6.bin
bandit12@bandit:/tmp/yoshua123$ file data6.bin
data6.bin: bzip2 compressed data, block size = 900k
bandit12@bandit:/tmp/yoshua123$ mv data6.bin doc.bz2
bandit12@bandit:/tmp/yoshua123$ bzip2 -d doc.bz2
bandit12@bandit:/tmp/yoshua123$ ls
doc
bandit12@bandit:/tmp/yoshua123$ file doc
doc: POSIX tar archive (GNU)
bandit12@bandit:/tmp/yoshua123$ mv doc doc.tar
bandit12@bandit:/tmp/yoshua123$ tar xf doc.tar
bandit12@bandit:/tmp/yoshua123$ ls
data8.bin  doc.tar
bandit12@bandit:/tmp/yoshua123$ rm doc.tar
bandit12@bandit:/tmp/yoshua123$ file data8.bin
data8.bin: gzip compressed data, was "data9.bin", last modified: Sun Apr 23 18:04:23 2023, max compression, from Unix, original size modulo 2^32 49
bandit12@bandit:/tmp/yoshua123$ mv data8.bin doc.gz
bandit12@bandit:/tmp/yoshua123$ gzip -d doc.gz
bandit12@bandit:/tmp/yoshua123$ ls
doc
bandit12@bandit:/tmp/yoshua123$ file doc
doc: ASCII text
bandit12@bandit:/tmp/yoshua123$ cat doc
The password is wbWdlBxEir4CaE8LaPhauuOo6pwRmrDw
bandit12@bandit:/tmp/yoshua123$ exit
logout
Connection to bandit.labs.overthewire.org closed.

----------------------------------------------------------------------------------------------
nivel 13-14

ssh bandit13@bandit.labs.overthewire.org -p 2220

bandit13@bandit:~$ cd /etc/bandit_pass/
bandit13@bandit:/etc/bandit_pass$ ls -al
total 152
drwxr-xr-x   2 root     root      4096 Apr 23 18:04 .
drwxr-xr-x 108 root     root     12288 Aug 12 08:42 ..
-r--------   1 bandit0  bandit0      8 Apr 23 18:04 bandit0
-r--------   1 bandit1  bandit1     33 Apr 23 18:04 bandit1
-r--------   1 bandit10 bandit10    33 Apr 23 18:04 bandit10
-r--------   1 bandit11 bandit11    33 Apr 23 18:04 bandit11
-r--------   1 bandit12 bandit12    33 Apr 23 18:04 bandit12
-r--------   1 bandit13 bandit13    33 Apr 23 18:04 bandit13
-r--------   1 bandit14 bandit14    33 Apr 23 18:04 bandit14
-r--------   1 bandit15 bandit15    33 Apr 23 18:04 bandit15
-r--------   1 bandit16 bandit16    33 Apr 23 18:04 bandit16
-r--------   1 bandit17 bandit17    33 Apr 23 18:04 bandit17
-r--------   1 bandit18 bandit18    33 Apr 23 18:04 bandit18
-r--------   1 bandit19 bandit19    33 Apr 23 18:04 bandit19
-r--------   1 bandit2  bandit2     33 Apr 23 18:04 bandit2
-r--------   1 bandit20 bandit20    33 Apr 23 18:04 bandit20
-r--------   1 bandit21 bandit21    33 Apr 23 18:04 bandit21
-r--------   1 bandit22 bandit22    33 Apr 23 18:04 bandit22
-r--------   1 bandit23 bandit23    33 Apr 23 18:04 bandit23
-r--------   1 bandit24 bandit24    33 Apr 23 18:04 bandit24
-r--------   1 bandit25 bandit25    33 Apr 23 18:04 bandit25
-r--------   1 bandit26 bandit26    33 Apr 23 18:04 bandit26
-r--------   1 bandit27 bandit27    33 Apr 23 18:04 bandit27
-r--------   1 bandit28 bandit28    33 Apr 23 18:04 bandit28
-r--------   1 bandit29 bandit29    33 Apr 23 18:04 bandit29
-r--------   1 bandit3  bandit3     33 Apr 23 18:04 bandit3
-r--------   1 bandit30 bandit30    33 Apr 23 18:04 bandit30
-r--------   1 bandit31 bandit31    33 Apr 23 18:04 bandit31
-r--------   1 bandit32 bandit32    33 Apr 23 18:04 bandit32
-r--------   1 bandit33 bandit33    33 Apr 23 18:04 bandit33
-r--------   1 bandit4  bandit4     33 Apr 23 18:04 bandit4
-r--------   1 bandit5  bandit5     33 Apr 23 18:04 bandit5
-r--------   1 bandit6  bandit6     33 Apr 23 18:04 bandit6
-r--------   1 bandit7  bandit7     33 Apr 23 18:04 bandit7
-r--------   1 bandit8  bandit8     33 Apr 23 18:04 bandit8
-r--------   1 bandit9  bandit9     33 Apr 23 18:04 bandit9
bandit13@bandit:/etc/bandit_pass$ cat bandit14
cat: bandit14: Permission denied
bandit13@bandit:~$ cd -
bandit13@bandit:~$ ls
sshkey.private
bandit13@bandit:~$ cat sshkey.private
-----BEGIN RSA PRIVATE KEY-----
MIIEpAIBAAKCAQEAxkkOE83W2cOT7IWhFc9aPaaQmQDdgzuXCv+ppZHa++buSkN+
gg0tcr7Fw8NLGa5+Uzec2rEg0WmeevB13AIoYp0MZyETq46t+jk9puNwZwIt9XgB
ZufGtZEwWbFWw/vVLNwOXBe4UWStGRWzgPpEeSv5Tb1VjLZIBdGphTIK22Amz6Zb
ThMsiMnyJafEwJ/T8PQO3myS91vUHEuoOMAzoUID4kN0MEZ3+XahyK0HJVq68KsV
ObefXG1vvA3GAJ29kxJaqvRfgYnqZryWN7w3CHjNU4c/2Jkp+n8L0SnxaNA+WYA7
jiPyTF0is8uzMlYQ4l1Lzh/8/MpvhCQF8r22dwIDAQABAoIBAQC6dWBjhyEOzjeA
J3j/RWmap9M5zfJ/wb2bfidNpwbB8rsJ4sZIDZQ7XuIh4LfygoAQSS+bBw3RXvzE
pvJt3SmU8hIDuLsCjL1VnBY5pY7Bju8g8aR/3FyjyNAqx/TLfzlLYfOu7i9Jet67
xAh0tONG/u8FB5I3LAI2Vp6OviwvdWeC4nOxCthldpuPKNLA8rmMMVRTKQ+7T2VS
nXmwYckKUcUgzoVSpiNZaS0zUDypdpy2+tRH3MQa5kqN1YKjvF8RC47woOYCktsD
o3FFpGNFec9Taa3Msy+DfQQhHKZFKIL3bJDONtmrVvtYK40/yeU4aZ/HA2DQzwhe
ol1AfiEhAoGBAOnVjosBkm7sblK+n4IEwPxs8sOmhPnTDUy5WGrpSCrXOmsVIBUf
laL3ZGLx3xCIwtCnEucB9DvN2HZkupc/h6hTKUYLqXuyLD8njTrbRhLgbC9QrKrS
M1F2fSTxVqPtZDlDMwjNR04xHA/fKh8bXXyTMqOHNJTHHNhbh3McdURjAoGBANkU
1hqfnw7+aXncJ9bjysr1ZWbqOE5Nd8AFgfwaKuGTTVX2NsUQnCMWdOp+wFak40JH
PKWkJNdBG+ex0H9JNQsTK3X5PBMAS8AfX0GrKeuwKWA6erytVTqjOfLYcdp5+z9s
8DtVCxDuVsM+i4X8UqIGOlvGbtKEVokHPFXP1q/dAoGAcHg5YX7WEehCgCYTzpO+
xysX8ScM2qS6xuZ3MqUWAxUWkh7NGZvhe0sGy9iOdANzwKw7mUUFViaCMR/t54W1
GC83sOs3D7n5Mj8x3NdO8xFit7dT9a245TvaoYQ7KgmqpSg/ScKCw4c3eiLava+J
3btnJeSIU+8ZXq9XjPRpKwUCgYA7z6LiOQKxNeXH3qHXcnHok855maUj5fJNpPbY
iDkyZ8ySF8GlcFsky8Yw6fWCqfG3zDrohJ5l9JmEsBh7SadkwsZhvecQcS9t4vby
9/8X4jS0P8ibfcKS4nBP+dT81kkkg5Z5MohXBORA7VWx+ACohcDEkprsQ+w32xeD
qT1EvQKBgQDKm8ws2ByvSUVs9GjTilCajFqLJ0eVYzRPaY6f++Gv/UVfAPV4c+S0
kAWpXbv5tbkkzbS0eaLPTKgLzavXtQoTtKwrjpolHKIHUz6Wu+n4abfAIRFubOdN
/+aLoRQ0yBDRbdXMsZN/jvY44eM+xRLdRVyMmdPtP8belRi2E2aEzA==
-----END RSA PRIVATE KEY-----
bandit13@bandit:~$ exit
logout
Connection to bandit.labs.overthewire.org closed.
┌──(kali㉿kali)-[~]
└─$ nano llave14

┌──(kali㉿kali)-[~]
└─$ ls -all llave14
-rw-r--r-- 1 kali kali 1679 Sep 25 13:24 llave14
                                                                                                    
┌──(kali㉿kali)-[~]
└─$ chmod 600 llave14
                                                                                                    
┌──(kali㉿kali)-[~]
└─$ ls -all llave14  
-rw------- 1 kali kali 1679 Sep 25 13:24 llave14

┌──(kali㉿kali)-[~]
└─$ ssh -i llave14  bandit14@bandit.labs.overthewire.org -p 2220

bandit14@bandit:~$ ls -al
total 24
drwxr-xr-x  3 root root 4096 Apr 23 18:04 .
drwxr-xr-x 70 root root 4096 Apr 23 18:05 ..
-rw-r--r--  1 root root  220 Jan  6  2022 .bash_logout
-rw-r--r--  1 root root 3771 Jan  6  2022 .bashrc
-rw-r--r--  1 root root  807 Jan  6  2022 .profile
drwxr-xr-x  2 root root 4096 Apr 23 18:04 .ssh
bandit14@bandit:~$ cd .ssh
bandit14@bandit:~/.ssh$ cat authorized_keys
ssh-rsa AAAAB3NzaC1yc2EAAAADAQABAAABAQDGSQ4TzdbZw5PshaEVz1o9ppCZAN2DO5cK/6mlkdr75u5KQ36CDS1yvsXDw0sZrn5TN5zasSDRaZ568HXcAihinQxnIROrjq36OT2m43BnAi31eAFm58a1kTBZsVbD+9Us3A5cF7hRZK0ZFbOA+kR5K/lNvVWMtkgF0amFMgrbYCbPpltOEyyIyfIlp8TAn9Pw9A7ebJL3W9QcS6g4wDOhQgPiQ3QwRnf5dqHIrQclWrrwqxU5t59cbW+8DcYAnb2TElqq9F+BiepmvJY3vDcIeM1Thz/YmSn6fwvRKfFo0D5ZgDuOI/JMXSKzy7MyVhDiXUvOH/z8ym+EJAXyvbZ3 rudy@localhost
bandit14@bandit:~/.ssh$ cd -
/home/bandit14
bandit14@bandit:~$ cat /etc/bandit_pass/bandit14
fGrHPx402xGC7U7rXKDaxiWFTOiF0ENq
bandit14@bandit:~$ id
uid=11014(bandit14) gid=11014(bandit14) groups=11014(bandit14)
bandit14@bandit:~$ exit
logout
Connection to bandit.labs.overthewire.org closed.

----------------------------------------------------------------------------------------------
nivel 14-15

└─$ ssh bandit14@bandit.labs.overthewire.org -p 2220 

bandit14@bandit:~$ nc localhost 30000
fGrHPx402xGC7U7rXKDaxiWFTOiF0ENq
Correct!
jN2kgmIXJ6fShzhT2avhotn4Zcka6tnt


bandit14@bandit:~$ exit
logout
Connection to bandit.labs.overthewire.org closed.

----------------------------------------------------------------------------------------------
nivel 15-16

ssh bandit15@bandit.labs.overthewire.org -p 2220

bandit15@bandit:~$ man openssl
bandit15@bandit:~$ man s-client
No manual entry for s-client
bandit15@bandit:~$ man s_client
bandit15@bandit:~$ openssl s_client -connect localhost:30001
CONNECTED(00000003)
Can't use SSL_get_servername
depth=0 CN = localhost
verify error:num=18:self-signed certificate
verify return:1
depth=0 CN = localhost
verify error:num=10:certificate has expired
notAfter=Sep 26 18:07:58 2023 GMT
verify return:1
depth=0 CN = localhost
notAfter=Sep 26 18:07:58 2023 GMT
verify return:1
---
Certificate chain
 0 s:CN = localhost
   i:CN = localhost
   a:PKEY: rsaEncryption, 2048 (bit); sigalg: RSA-SHA1
   v:NotBefore: Sep 26 18:06:58 2023 GMT; NotAfter: Sep 26 18:07:58 2023 GMT
---
Server certificate
-----BEGIN CERTIFICATE-----
MIIDCzCCAfOgAwIBAgIELFkTFjANBgkqhkiG9w0BAQUFADAUMRIwEAYDVQQDDAls
b2NhbGhvc3QwHhcNMjMwOTI2MTgwNjU4WhcNMjMwOTI2MTgwNzU4WjAUMRIwEAYD
VQQDDAlsb2NhbGhvc3QwggEiMA0GCSqGSIb3DQEBAQUAA4IBDwAwggEKAoIBAQDW
m165s0qSLm1VyZcskNfFAyDUYQSODehGohZtXm4AcmKh0m9/PGQeJk65SIfwn5nS
NNwT21iWC4XMZZoVC0ueQ85im6ofe8X3MFPTEVZq3BHyA6qDJlegQP+D8uzVlxhC
3N7dvuRnD4DTcQI3jkUHCsCeISyq8YNbO396OxIJk7m+C8UrALrcYej/eZCXDYCz
pV0/QPdiqmbsG+14xOJ3gzs5tVLbCcJs+2se+MyfSHmuE8LXP4pjXjMiFuLYwCeA
QL0x/4fXf5z55y49hI97tKbrJrFzrNMu9sT0jgJu/NCF/oILbbBLxI7DBvmHqc+0
M3xQxzlbd70ZgzJJ9tetAgMBAAGjZTBjMBQGA1UdEQQNMAuCCWxvY2FsaG9zdDBL
BglghkgBhvhCAQ0EPhY8QXV0b21hdGljYWxseSBnZW5lcmF0ZWQgYnkgTmNhdC4g
U2VlIGh0dHBzOi8vbm1hcC5vcmcvbmNhdC8uMA0GCSqGSIb3DQEBBQUAA4IBAQCg
6ZqX5khCMSDCDVZ/qWwi9/VMIPUmXdb60n03S7bHZzHZWA6gVbWK1TNxEYgjYqPp
L7xE+P+w8nLUqgl0Fbptc4rmUc+m8s+z5VWFbfi1kO6AWug4/6RDr5WefJigmkDO
t6ETFqxh+cDhr42uqDO0rPlUhHjr5ThxkoJ4CixKvraZwRuEEM/dbusKLGDXwNWU
rGFxDEZ+zlgzPfi3SqBGlELvZ5QcJWxBgawe0/6aMaOdP6WfxVb1Vtin3fsK35y/
Hfwsr88ft3VjILAEjgFXs494GL4/y7x7y7G4erVcN5n50rGCF5GY39Vts1rgaGxc
S9uG+RblTBhU4ECwLGsT
-----END CERTIFICATE-----
subject=CN = localhost
issuer=CN = localhost
---
No client certificate CA names sent
Peer signing digest: SHA256
Peer signature type: RSA-PSS
Server Temp Key: X25519, 253 bits
---
SSL handshake has read 1339 bytes and written 373 bytes
Verification error: certificate has expired
---
New, TLSv1.3, Cipher is TLS_AES_256_GCM_SHA384
Server public key is 2048 bit
Secure Renegotiation IS NOT supported
Compression: NONE
Expansion: NONE
No ALPN negotiated
Early data was not sent
Verify return code: 10 (certificate has expired)
---
---
Post-Handshake New Session Ticket arrived:
SSL-Session:
    Protocol  : TLSv1.3
    Cipher    : TLS_AES_256_GCM_SHA384
    Session-ID: 8424639E24839E9A3084F29426D653181212DB322126B82555DF4C2A01A60C9B
    Session-ID-ctx: 
    Resumption PSK: C6A14835E686B991BF60AC1ADE0B8CE3F6191BC6A006ECF602DD20C8B19E9B6ABB902867467079A49A8A1AEFF761510C
    PSK identity: None
    PSK identity hint: None
    SRP username: None
    TLS session ticket lifetime hint: 7200 (seconds)
    TLS session ticket:
    0000 - b9 d7 86 f8 fc f7 95 e1-1a a9 5d cc 66 dc a6 be   ..........].f...
    0010 - 9b cf ea 14 7f 64 42 73-46 75 23 fb 60 94 2e dc   .....dBsFu#.`...
    0020 - fc 1d c7 dd 4f 48 a9 6d-c0 d6 81 a3 ca 61 00 7b   ....OH.m.....a.{
    0030 - eb a0 b5 85 ba cc 9c b8-c7 1c 45 71 01 53 81 bf   ..........Eq.S..
    0040 - 5c a5 cc 85 b4 b1 3d 77-0e 9e 2d ef 21 ad 10 9b   \.....=w..-.!...
    0050 - 1c f0 11 e7 84 a6 e0 61-c3 7c 1a 9a 11 78 f6 44   .......a.|...x.D
    0060 - 59 de 3a f0 99 bd 5d 69-ed 3d 27 ec b4 3d c4 4a   Y.:...]i.='..=.J
    0070 - 5e f1 27 41 bd 01 8b dc-fc 8e c1 ce ad db 50 5d   ^.'A..........P]
    0080 - 51 1f 67 5d be dd 71 c9-68 3d 5a 50 fa 6e fd 82   Q.g]..q.h=ZP.n..
    0090 - e9 40 62 c3 5f 4c 70 e3-eb c7 55 76 07 1c 64 10   .@b._Lp...Uv..d.
    00a0 - 8d 6d ee de 10 e4 a2 cf-45 99 2a 97 1e 4c 36 57   .m......E.*..L6W
    00b0 - 3b 29 f9 ef 0c fc 9d 4f-c3 d7 fd 58 3b a4 0b 8e   ;).....O...X;...
    00c0 - 17 b7 69 95 3b 49 4a e6-d3 b2 a8 22 98 49 9c 1a   ..i.;IJ....".I..

    Start Time: 1695762802
    Timeout   : 7200 (sec)
    Verify return code: 10 (certificate has expired)
    Extended master secret: no
    Max Early Data: 0
---
read R BLOCK
---
Post-Handshake New Session Ticket arrived:
SSL-Session:
    Protocol  : TLSv1.3
    Cipher    : TLS_AES_256_GCM_SHA384
    Session-ID: 9B614EBB19E7958AC4343085C0C627CEC59EED1A120DD13FEEE4049A3FC82F82
    Session-ID-ctx: 
    Resumption PSK: 277F48CC2D5B09BDD67868B75A02BBB2221B414D13C47FDBD0CDC72FE16EA232E26CD8C7FD0FF717E32A058069499217
    PSK identity: None
    PSK identity hint: None
    SRP username: None
    TLS session ticket lifetime hint: 7200 (seconds)
    TLS session ticket:
    0000 - b9 d7 86 f8 fc f7 95 e1-1a a9 5d cc 66 dc a6 be   ..........].f...
    0010 - 3b c5 4c b0 e9 bc 0f ac-68 7f e4 63 c8 bb 82 8a   ;.L.....h..c....
    0020 - 0b a7 ca f1 0e 4f 0c 1b-08 5d 1d 63 0a 22 88 24   .....O...].c.".$
    0030 - 3f 4a a7 07 bc d5 41 f2-82 be 7d 23 09 e4 c9 7b   ?J....A...}#...{
    0040 - d0 29 97 7e dc a7 15 14-96 29 42 45 03 4b de 30   .).~.....)BE.K.0
    0050 - 34 a3 eb 14 78 30 4c e6-d9 09 f7 cd 30 50 e0 c6   4...x0L.....0P..
    0060 - 45 d6 b7 74 db 1b 40 f8-27 d5 5f 1c d1 6a 44 53   E..t..@.'._..jDS
    0070 - 0c 19 e9 71 e0 d6 a4 2e-ce c3 b4 33 dc e3 8b 78   ...q.......3...x
    0080 - 8e bc d1 50 d0 f5 7f 45-fb d9 48 4f d8 63 5a 86   ...P...E..HO.cZ.
    0090 - 81 28 c7 9f 59 8b 7a a0-de 48 d5 88 52 b3 2a 15   .(..Y.z..H..R.*.
    00a0 - bb 15 a0 11 32 b8 82 ae-ae 71 e8 05 8b f8 6e ff   ....2....q....n.
    00b0 - d5 0c 1e b8 19 3c c0 11-ae 0b 56 46 0c 23 35 d4   .....<....VF.#5.
    00c0 - a6 6d 37 70 48 81 cb d5-a6 7e d0 32 18 8a 9e 19   .m7pH....~.2....

    Start Time: 1695762802
    Timeout   : 7200 (sec)
    Verify return code: 10 (certificate has expired)
    Extended master secret: no
    Max Early Data: 0
---
read R BLOCK
jN2kgmIXJ6fShzhT2avhotn4Zcka6tnt
Correct!
JQttfApK4SeyHwDlI9SXGR50qclOAil1

closed
bandit15@bandit:~$ exit
logout
Connection to bandit.labs.overthewire.org closed.

----------------------------------------------------------------------------------------------
nivel 16-17

ssh bandit16@bandit.labs.overthewire.org -p 2220

bandit16@bandit:~$ nmap -p31000-32000 localhost
Starting Nmap 7.80 ( https://nmap.org ) at 2023-09-28 15:57 UTC
Nmap scan report for localhost (127.0.0.1)
Host is up (0.00011s latency).
Not shown: 996 closed ports
PORT      STATE SERVICE
31046/tcp open  unknown
31518/tcp open  unknown
31691/tcp open  unknown
31790/tcp open  unknown
31960/tcp open  unknown

Nmap done: 1 IP address (1 host up) scanned in 0.05 seconds
bandit16@bandit:~$ openssl s_client -connect localhost:31790
CONNECTED(00000003)
Can't use SSL_get_servername
depth=0 CN = localhost
verify error:num=18:self-signed certificate
verify return:1
depth=0 CN = localhost
verify error:num=10:certificate has expired
notAfter=Sep 28 06:02:06 2023 GMT
verify return:1
depth=0 CN = localhost
notAfter=Sep 28 06:02:06 2023 GMT
verify return:1
---
Certificate chain
 0 s:CN = localhost
   i:CN = localhost
   a:PKEY: rsaEncryption, 2048 (bit); sigalg: RSA-SHA1
   v:NotBefore: Sep 28 06:01:06 2023 GMT; NotAfter: Sep 28 06:02:06 2023 GMT
---
Server certificate
-----BEGIN CERTIFICATE-----
MIIDCzCCAfOgAwIBAgIEIqxJCDANBgkqhkiG9w0BAQUFADAUMRIwEAYDVQQDDAls
b2NhbGhvc3QwHhcNMjMwOTI4MDYwMTA2WhcNMjMwOTI4MDYwMjA2WjAUMRIwEAYD
VQQDDAlsb2NhbGhvc3QwggEiMA0GCSqGSIb3DQEBAQUAA4IBDwAwggEKAoIBAQDS
bNj454zBAh4ARh9qIFR6FyZLrTLJrWX/+iIbomvprccz4ZWzK4vPIZ+DuZ+CBiRE
MJi5zoEPqL4fl9HOxPCW0BjPPKVqzarcd/Tk/kWs5OEgOXfEb7K1WFaD3BM8K6S1
DNbFhsFYBs/uVP8XyNbgQfXYYAQYbFW4gL9MrkxjNKm/7dTp/srDIE4+p+AtWME9
SXZkkn6BzIvjkDfI/my79CnvqRIonXXVCGRFQJctUaSH5LFGiBcIYShdsJmFUqU/
8iBKFqw068ggpw6SzqrdCib9QLM8VY1/Z1Kq4UOXlR4b+8P2xZeR4ZSST1a+YsvY
16Q4oj921Wt1m+cXGxBRAgMBAAGjZTBjMBQGA1UdEQQNMAuCCWxvY2FsaG9zdDBL
BglghkgBhvhCAQ0EPhY8QXV0b21hdGljYWxseSBnZW5lcmF0ZWQgYnkgTmNhdC4g
U2VlIGh0dHBzOi8vbm1hcC5vcmcvbmNhdC8uMA0GCSqGSIb3DQEBBQUAA4IBAQCb
ttqwk6a0LVD8BoNy9AUzMhHG6nRLnUVn/UJAA2PFRVeQxn4i1ZEPXDHwPQUV4D3b
+ZOUjo5V+G7m43Gx9pkCu4rf0VrzHyqZVjO0aWamLPvsn9p/+bKHZPp7ZUNFNUXg
SbPmtFCVXUiiRmTTlN7WUattLp2ybPFgvBCb6S4JtsprQHezFDTj+3ljaU7qleYS
zMOs+Iy3x7zm/1+Vb/EDOJE1726ODFLxZUHaGRHBdl5dQ8aQBOlY4Wp0pHdQqJ00
qi2GsuiCYD+Xdi3I5ZbgQzA3wVyP0zjEz+IUB25WEnpBKTZlPZ88LX/9azlyQb6u
WDTu6Vgdy6z9eNv/5T+b
-----END CERTIFICATE-----
subject=CN = localhost
issuer=CN = localhost
---
No client certificate CA names sent
Peer signing digest: SHA256
Peer signature type: RSA-PSS
Server Temp Key: X25519, 253 bits
---
SSL handshake has read 1339 bytes and written 373 bytes
Verification error: certificate has expired
---
New, TLSv1.3, Cipher is TLS_AES_256_GCM_SHA384
Server public key is 2048 bit
Secure Renegotiation IS NOT supported
Compression: NONE
Expansion: NONE
No ALPN negotiated
Early data was not sent
Verify return code: 10 (certificate has expired)
---
---
Post-Handshake New Session Ticket arrived:
SSL-Session:
    Protocol  : TLSv1.3
    Cipher    : TLS_AES_256_GCM_SHA384
    Session-ID: 35DC61C259E30D45A3159669FF8DC09BF6AFB1AF47184A17288AD73DDEE7159E
    Session-ID-ctx: 
    Resumption PSK: 3CD4DF9FD198136A1FF51B1BFC45F70CCCEFD95B388E41308EC0C6C750B47C53CA2EE106C89D3F5D9489FA0E57957024
    PSK identity: None
    PSK identity hint: None
    SRP username: None
    TLS session ticket lifetime hint: 7200 (seconds)
    TLS session ticket:
    0000 - 1c b1 a8 28 5f b5 91 5e-32 02 89 bd 59 ae da c7   ...(_..^2...Y...
    0010 - 6a 6f 34 07 87 94 9b 71-58 32 eb f6 b5 c5 77 45   jo4....qX2....wE
    0020 - 55 78 ce a6 f0 09 18 cf-c7 d1 ba 93 ca 47 93 43   Ux...........G.C
    0030 - 73 9b ba 8e e3 03 f1 a8-ab b4 c0 62 6e 0d f5 bc   s..........bn...
    0040 - 7e 66 90 60 18 e6 bd 2a-ac 4b e1 a8 8b 07 22 96   ~f.`...*.K....".
    0050 - 7d 91 26 d2 56 11 4e 50-de 37 ec 15 cb 13 9d 3a   }.&.V.NP.7.....:
    0060 - 56 64 ad da 5c 83 6c 59-10 a2 53 08 1f 62 d5 fc   Vd..\.lY..S..b..
    0070 - 94 c0 c9 71 97 85 22 24-fc 13 81 dd 2f d0 e0 50   ...q.."$..../..P
    0080 - 64 e9 f6 d1 32 ff 37 f1-32 55 df 3e 7e 5b 52 7b   d...2.7.2U.>~[R{
    0090 - ee 1e 0d d3 c3 9e db 74-0f e5 63 87 08 0b 52 91   .......t..c...R.
    00a0 - 0e 9d 53 ae a6 45 26 b4-dc ed ee 15 74 ab 96 67   ..S..E&.....t..g
    00b0 - a4 96 64 75 35 81 38 a3-dc a6 7d ae 8e 61 4f 2d   ..du5.8...}..aO-
    00c0 - 71 21 d1 ef ae 9b 96 f4-f7 4c f4 05 3c 5a 17 9c   q!.......L..<Z..

    Start Time: 1695916992
    Timeout   : 7200 (sec)
    Verify return code: 10 (certificate has expired)
    Extended master secret: no
    Max Early Data: 0
---
read R BLOCK
---
Post-Handshake New Session Ticket arrived:
SSL-Session:
    Protocol  : TLSv1.3
    Cipher    : TLS_AES_256_GCM_SHA384
    Session-ID: EC25D7E1A967F6AD1D89F3BC93965EC4F90D069C6AB05E1E5DBEB06B4F0C96E3
    Session-ID-ctx: 
    Resumption PSK: DE1F75A79BEEAD6594D624FFF36FF776D9442E61C3BBE2D7FC9FE79019EAE5E189721FFD45C9296CE4E746832BFFEF4D
    PSK identity: None
    PSK identity hint: None
    SRP username: None
    TLS session ticket lifetime hint: 7200 (seconds)
    TLS session ticket:
    0000 - 1c b1 a8 28 5f b5 91 5e-32 02 89 bd 59 ae da c7   ...(_..^2...Y...
    0010 - 1a 7c 57 2d 82 ca 25 1e-bf f0 a0 28 ac cd 8f e2   .|W-..%....(....
    0020 - aa 21 9c ef 73 6e 44 0d-6c c0 ff 26 97 dd 92 c2   .!..snD.l..&....
    0030 - 2c 00 4f 72 33 39 88 74-6f a2 35 89 77 7d 6b bf   ,.Or39.to.5.w}k.
    0040 - 55 3f 47 3e 95 d3 08 3e-41 48 ae 88 f2 3c cd a2   U?G>...>AH...<..
    0050 - 3d 2b 3c 73 ca a3 01 00-4a c5 b1 63 3e e2 3b b6   =+<s....J..c>.;.
    0060 - 43 c7 4a 0e 9b 32 dd fc-47 57 cd c0 66 15 f4 48   C.J..2..GW..f..H
    0070 - 73 3f c3 74 1f 3a 83 bd-8d f6 3c 2d 71 06 ee d9   s?.t.:....<-q...
    0080 - e9 22 a3 b4 b8 6a fc cc-8d da 85 01 de 73 cb c1   ."...j.......s..
    0090 - 4e 5f b6 1b 21 74 7a 58-e3 a2 d7 e7 68 f0 07 e8   N_..!tzX....h...
    00a0 - 6f e2 fc 53 bd df fc 63-76 93 db 0a 3b e9 ae ba   o..S...cv...;...
    00b0 - aa 3b 95 4c 48 ad af f7-bb d4 1f c4 46 7d ce 59   .;.LH.......F}.Y
    00c0 - f8 9f 81 97 d7 7c c5 c9-54 c0 7b 5f ba 84 14 50   .....|..T.{_...P

    Start Time: 1695916992
    Timeout   : 7200 (sec)
    Verify return code: 10 (certificate has expired)
    Extended master secret: no
    Max Early Data: 0
---
read R BLOCK
JQttfApK4SeyHwDlI9SXGR50qclOAil1
Correct!
-----BEGIN RSA PRIVATE KEY-----
MIIEogIBAAKCAQEAvmOkuifmMg6HL2YPIOjon6iWfbp7c3jx34YkYWqUH57SUdyJ
imZzeyGC0gtZPGujUSxiJSWI/oTqexh+cAMTSMlOJf7+BrJObArnxd9Y7YT2bRPQ
Ja6Lzb558YW3FZl87ORiO+rW4LCDCNd2lUvLE/GL2GWyuKN0K5iCd5TbtJzEkQTu
DSt2mcNn4rhAL+JFr56o4T6z8WWAW18BR6yGrMq7Q/kALHYW3OekePQAzL0VUYbW
JGTi65CxbCnzc/w4+mqQyvmzpWtMAzJTzAzQxNbkR2MBGySxDLrjg0LWN6sK7wNX
x0YVztz/zbIkPjfkU1jHS+9EbVNj+D1XFOJuaQIDAQABAoIBABagpxpM1aoLWfvD
KHcj10nqcoBc4oE11aFYQwik7xfW+24pRNuDE6SFthOar69jp5RlLwD1NhPx3iBl
J9nOM8OJ0VToum43UOS8YxF8WwhXriYGnc1sskbwpXOUDc9uX4+UESzH22P29ovd
d8WErY0gPxun8pbJLmxkAtWNhpMvfe0050vk9TL5wqbu9AlbssgTcCXkMQnPw9nC
YNN6DDP2lbcBrvgT9YCNL6C+ZKufD52yOQ9qOkwFTEQpjtF4uNtJom+asvlpmS8A
vLY9r60wYSvmZhNqBUrj7lyCtXMIu1kkd4w7F77k+DjHoAXyxcUp1DGL51sOmama
+TOWWgECgYEA8JtPxP0GRJ+IQkX262jM3dEIkza8ky5moIwUqYdsx0NxHgRRhORT
8c8hAuRBb2G82so8vUHk/fur85OEfc9TncnCY2crpoqsghifKLxrLgtT+qDpfZnx
SatLdt8GfQ85yA7hnWWJ2MxF3NaeSDm75Lsm+tBbAiyc9P2jGRNtMSkCgYEAypHd
HCctNi/FwjulhttFx/rHYKhLidZDFYeiE/v45bN4yFm8x7R/b0iE7KaszX+Exdvt
SghaTdcG0Knyw1bpJVyusavPzpaJMjdJ6tcFhVAbAjm7enCIvGCSx+X3l5SiWg0A
R57hJglezIiVjv3aGwHwvlZvtszK6zV6oXFAu0ECgYAbjo46T4hyP5tJi93V5HDi
Ttiek7xRVxUl+iU7rWkGAXFpMLFteQEsRr7PJ/lemmEY5eTDAFMLy9FL2m9oQWCg
R8VdwSk8r9FGLS+9aKcV5PI/WEKlwgXinB3OhYimtiG2Cg5JCqIZFHxD6MjEGOiu
L8ktHMPvodBwNsSBULpG0QKBgBAplTfC1HOnWiMGOU3KPwYWt0O6CdTkmJOmL8Ni
blh9elyZ9FsGxsgtRBXRsqXuz7wtsQAgLHxbdLq/ZJQ7YfzOKU4ZxEnabvXnvWkU
YOdjHdSOoKvDQNWu6ucyLRAWFuISeXw9a/9p7ftpxm0TSgyvmfLF2MIAEwyzRqaM
77pBAoGAMmjmIJdjp+Ez8duyn3ieo36yrttF5NSsJLAbxFpdlc1gvtGCWW+9Cq0b
dxviW8+TFVEBl1O4f7HVm6EpTscdDxU+bCXWkfjuRb7Dy9GOtt9JPsX8MBTakzh3
vBgsyi/sN3RqRBcGU40fOoZyfAMT8s1m/uYv52O6IgeuZ/ujbjY=
-----END RSA PRIVATE KEY-----

closed
bandit16@bandit:~$ exit
logout
Connection to bandit.labs.overthewire.org closed.

----------------------------------------------------------------------------------------------
nivel 17-18

ssh bandit17@bandit.labs.overthewire.org -p 2220

bandit16@bandit:~$ diff passwords.new passwords.old

hga5tuuCLF6fFzUpnagiMN8ssu9LFrtg

----------------------------------------------------------------------------------------------
nivel 18-19


ssh bandit18@bandit.labs.overthewire.org -p 2220 cat readme
awhqfNnAbc1naukrpqDYcF95h7HoMTrC

ssh bandit18@bandit.labs.overthewire.org -p 2220 /bin/bash

bandit16@bandit:~$ ls  

bandit16@bandit:~$ cat readme


----------------------------------------------------------------------------------------------
nivel 19-20

ssh bandit19@bandit.labs.overthewire.org -p 2220

./bandit20-do

OUTPUT: Run a command as another user.
  		Example: ./bandit20-do id

./bandit20-do whoami
output: bandit20

./bandit20-do id
output: uid=11019(bandit19) gid=11019(bandit19) euid=11020(bandit20) groups=11019(bandit19)

ls -l ./bandit20-do 
-rw[s]r-x---  1 bandit20 bandit19 14872 Sep  1 06:30 bandit20-do

the 's' means this file can be executed by an escelated user.

how to run  a setuid binary

./bandit20-do cat /etc/bandit_pass/bandit20
VxCazJaVykI6W36BkBU0mJTCM8rR95XT
----------------------------------------------------------------------------------------------
nivel 20-21

ssh bandit20@bandit.labs.overthewire.org -p 2220

first just run the setuid binary to get the usage:

we have to open a server (on localhost with any random port no)

nc -lvp 4040

-l == server is listening for tcp/udp
-v == will have a verbose output
-p == port no

go to another window of terminal and run the binary file to connect to the server 

./suconnect 4040

Then put the current password on the listening port of 4040
then setuid binary will reply the correct output.


NvEJF7oVjkddltPSrdKEFOllh9V1IBcq
----------------------------------------------------------------------------------------------
nivel 21-22

ssh bandit21@bandit.labs.overthewire.org -p 2220

cd /etc/cron.d/

ls -la

cat cronjob_bandit22 

>> @reboot bandit22 /usr/bin/cronjob_bandit22.sh &> /dev/null
* * * * * bandit22 /usr/bin/cronjob_bandit22.sh &> /dev/null


cat /usr/bin/cronjob_bandit22.sh

>> #!/bin/bash
chmod 644 /tmp/t7O6lds9S0RqQh9aMcz6ShpAoZKF7fgv
cat /etc/bandit_pass/bandit22 > /tmp/t7O6lds9S0RqQh9aMcz6ShpAoZKF7fgv

password for next level is dumped in tmp/t7O6lds9S0RqQh9aMcz6ShpAoZKF7fgv with permission

cat /tmp/t7O6lds9S0RqQh9aMcz6ShpAoZKF7fgv
>>WdDozAdTM2z9DiFEQ2mGlwngMfj4EZff
----------------------------------------------------------------------------------------------
nivel 22-23

ssh bandit22@bandit.labs.overthewire.org -p 2220

cd /etc/cron.d/

ls -la

cat cronjob_bandit23 

>> @reboot bandit23 /usr/bin/cronjob_bandit23.sh &> /dev/null
* * * * * bandit23 /usr/bin/cronjob_bandit23.sh &> /dev/null

cat /usr/bin/cronjob_bandit23.sh
---
>> #!/bin/bash

myname=$(whoami)
mytarget=$(echo I am user $myname | md5sum | cut -d ' ' -f 1)

echo "Copying passwordfile /etc/bandit_pass/$myname to /tmp/$mytarget"

cat /etc/bandit_pass/$myname > /tmp/$mytarget
---

now run the scripts to do the task and you will
get the bandit22 pass at /tmp/$mytarget. That is not what the question is asking.

so we can instead run the command of the script

echo I am user bandit23 | md5sum | cut -d ' ' -f 1
>>8ca319486bfbbc3663ea0fbe81326349

cat /tmp/8ca319486bfbbc3663ea0fbe81326349
>>QYw0Y2aiA672PsMmh9puTQuhoz8SyR2G

----------------------------------------------------------------------------------------------
nivel 23-24

ssh bandit23@bandit.labs.overthewire.org -p 2220

cd /etc/cron.d/
ls -l

cat cronjob_bandit24
>> @reboot bandit24 /usr/bin/cronjob_bandit24.sh &> /dev/null
   * * * * * bandit24 /usr/bin/cronjob_bandit24.sh &> /dev/null


cat /usr/bin/cronjob_bandit24.sh
#!/bin/bash

myname=$(whoami)

cd /var/spool/$myname/foo
echo "Executing and deleting all scripts in /var/spool/$myname/foo:"
for i in * .*;
do
    if [ "$i" != "." -a "$i" != ".." ];
    then
        echo "Handling $i"
        owner="$(stat --format "%U" ./$i)"
        if [ "${owner}" = "bandit23" ]; then
            timeout -s 9 60 ./$i
        fi
        rm -f ./$i
    fi
done



create a script in /tmp dir --> create a pass.sh --> create a file to store the pass using a command line
copy that to the /var/spool/bandit24/foo 
wait for around 1 minute

cd /tmp/yYyYea
touch pass.sh
#!/bin/bash
cat /etc/bandit_pass/bandit24 > /tmp/yYyYea/pass

touch pass

chmod 777 -R /tmp/yYyYea

cp pass.sh /var/spool/bandit24/foo

ls -l
total 4
-rwxrwxrwx 1 bandit23 bandit23  0 Nov 22 17:41 pass
-rwxrwxrwx 1 bandit23 bandit23 61 Nov 22 17:10 pass.sh


ls -l
total 8
-rwxrwxrwx 1 bandit23 bandit23 33 Nov 22 17:43 pass
-rwxrwxrwx 1 bandit23 bandit23 61 Nov 22 17:10 pass.sh

cat pass

VAfGXJ1PBSsPSnvsjI8p759leLZ9GGar

----------------------------------------------------------------------------------------------
nivel 24-25

ssh bandit24@bandit.labs.overthewire.org -p 2220

nano script.sh
#!/bin/bash
for i in {0000..9999}
do
        echo VAfGXJ1PBSsPSnvsjI8p759leLZ9GGar $i >> pos.txt
done

chmod 777 script.sh

./script.sh

cat pos.txt | nc localhost 30002 > result.txt

sort result.txt | grep -v "Wrong" 

p7TaowMYrmu23Ol8hiZh9UvD0O9hpx8d

----------------------------------------------------------------------------------------------
nivel 25-26

ssh bandit25@bandit.labs.overthewire.org -p 2220

You can find bandit26 user default shell location in /etc/passwd

cat /etc/passwd | grep bandit26

bandit26:x:11026:11026:bandit level 26:/home/bandit26:/usr/bin/showtext

bandit26's shell is at /usr/bin/showtext which is not the usual case.

cat /usr/bin/showtext
#!/bin/sh

export TERM=linux

exec more ~/text.txt
exit 0


bandit25@bandit:~$ ssh -i sshkey.private bandit26@bandit.labs.overthewire.org -p 2220

This will give us an error: Could not create directory '/home/bandit25/.ssh' (Permission denied).

bandit25@bandit:~$ cp ssh.private /tmp/yYyYea
cd /tmp/yYyY
mkdir -p .ssh
bandit25@bandit:/tmp/yYyYea$ ssh -i sshkey.private bandit26@bandit.labs.overthewire.org -p 2220

c7GvcKlw9mC7aUQaPx7nwFstuAIBw1o1

----------------------------------------------------------------------------------------------
nivel 26-27

ssh bandit26@bandit.labs.overthewire.org -p 2220

again, downscale the terminal and connect to bandit26 with pass and try to fix the shell to /bin/sh

at more command, type 'v' to get the vim editor

to check the current shell:
:set shell ?
>> shell=/usr/bin/showtext

change the shell:
:set shell=/bin/sh

To execute a command in subshell, enter :!command. Lets execute in the subshell the following command

:!ls -la

-rwsr-x---  1 bandit27 bandit26 14872 Sep  1 06:30 bandit27-do
we shall see a privileged file named bandit27-do

:! ./bandit27-do cat /etc/bandit_pass/bandit27

YnQpBuifNMas1hcUFk70ZmqkhUU2EuaS 

----------------------------------------------------------------------------------------------
nivel 27-28

ssh bandit27@bandit.labs.overthewire.org -p 2220

you can't clone the git repo on bandit27'd home.

create a folder in /tmp

mkdir foo

cd /tmp/foo

bandit27@bandit:/tmp/foo$ git clone ssh://bandit27-git@localhost/home/bandit27-git/repo

Previous line will not work. You have to specify port no which is 2220 as bandits are active on this port

bandit27@bandit:/tmp/foo$ git clone ssh://bandit27-git@localhost:2220/home/bandit27-git/repo

cd repo
ls 
cat README

AVanL161y9rsbcJIsFHuw35rjaOM19nR

----------------------------------------------------------------------------------------------
nivel 28-29

ssh bandit28@bandit.labs.overthewire.org -p 2220


create a random file in /tmp directory.

bandit28@bandit:~$ mktemp -d
/tmp/tmp.HAO1TDw8TO
cd /tmp/tmp.HAO1TDw8TO
bandit28@bandit:/tmp/tmp.HAO1TDw8TO$ git clone ssh://bandit28-git@localhost:2220/home/bandit28-git/repo
ls
cd repo


bandit28@bandit:/tmp/tmp.HAO1TDw8TO/repo$ git status
On branch master
Your branch is up to date with 'origin/master'.

nothing to commit, working tree clean

bandit28@bandit: cat README.me
# Bandit Notes
Some notes for level29 of bandit.

## credentials

- username: bandit29
- password: xxxxxxxxxx

wow password is xxxxx which is useless now. But what was there intially is important. you can find it from the previous commits.

bandit28@bandit: git log 

commit 43032edb2fb868dea2ceda9cb3882b2c336c09ec (HEAD -> master, origin/master, origin/HEAD)
Author: Morla Porla <morla@overthewire.org>
Date:   Thu Sep 1 06:30:25 2022 +0000

    fix info leak

commit bdf3099fb1fb05faa29e80ea79d9db1e29d6c9b9
Author: Morla Porla <morla@overthewire.org>
Date:   Thu Sep 1 06:30:25 2022 +0000

    add missing data

commit 43d032b360b700e881e490fbbd2eee9eccd7919e
Author: Ben Dover <noone@overthewire.org>
Date:   Thu Sep 1 06:30:24 2022 +0000

    initial commit of README.md

now that 'fix info leak' commit seems interesting, see what was fixed in that commit

bandit28@bandit:/tmp/tmp.HAO1TDw8TO/repo$ git show 43032edb2fb868dea2ceda9cb3882b2c336c09ec

commit 43032edb2fb868dea2ceda9cb3882b2c336c09ec (HEAD -> master, origin/master, origin/HEAD)
Author: Morla Porla <morla@overthewire.org>
Date:   Thu Sep 1 06:30:25 2022 +0000

    fix info leak

diff --git a/README.md b/README.md
index b302105..5c6457b 100644
--- a/README.md
+++ b/README.md
@@ -4,5 +4,5 @@ Some notes for level29 of bandit.
 ## credentials
 
 - username: bandit29
-- password: tQKvmcwNYcFS6vmPHIUSI3ShmsrQZK8S
+- password: xxxxxxxxxx

tQKvmcwNYcFS6vmPHIUSI3ShmsrQZK8S

----------------------------------------------------------------------------------------------
nivel 29-30

ssh bandit29@bandit.labs.overthewire.org -p 2220

download the git repo first, just like previous level. DON'T FORGET TO PUT THE PORT NUMBER

bandit29@bandit:/tmp/tmp.gLklDEvFBc$ git clone ssh://bandit29-git@localhost:2220/home/bandit29-git/repo

cd repo

git log and git status all are ok.. there's no leak.
BUT, there might other branches that leaks the info

bandit29@bandit:/tmp/tmp.gLklDEvFBc/repo$ git branch -a

you might see there is another branch 'dev'

bandit29@bandit:/tmp/tmp.gLklDEvFBc/repo$ git checkout dev

bandit29@bandit:/tmp/tmp.gLklDEvFBc/repo$ ls
code  README.md

But both have nothing. We might guess that the leak is in the initial commits

bandit29@bandit:/tmp/tmp.gLklDEvFBc/repo$ git log
bandit29@bandit:/tmp/tmp.gLklDEvFBc/repo$ git show 2b1395f00cfb986163082c50100be5be8f249f64

xbhV3HpNGlTIdnjUrdAlPzc2L6y9EOnS

----------------------------------------------------------------------------------------------
nivel 30-31

ssh bandit30@bandit.labs.overthewire.org -p 2220

bandit30@bandit:/tmp/tmp.DywL2LwOM5$ git clone ssh://bandit30-git@localhost:2220/home/bandit30-git/repo

git status, git diff, git diff --stage, git branch -a all of them are useless here.

To create a tag the command is git tag -a <tag_name> -m <"tag description/message">. To see more details, like the tag message and commit, you can use the following command: git show <tag_name>.

bandit30@bandit:/tmp/tmp.DywL2LwOM5/repo$ git tag
secret
bandit30@bandit:/tmp/tmp.DywL2LwOM5/repo$ git show secret

OoffzGDlzhAlerFJ2cAiz1D41JW1Mhmt

----------------------------------------------------------------------------------------------
nivel 31-32

ssh bandit31@bandit.labs.overthewire.org -p 2220

bandit31@bandit:~$ mktemp -d
/tmp/tmp.3K2OxQOi3d
bandit31@bandit:~$ cd /tmp/tmp.3K2OxQOi3d
bandit31@bandit:/tmp/tmp.3K2OxQOi3d$ git clone ssh://bandit31-git@localhost:2220/home/bandit31-git/repo

Just follow the instructions of the README file

create a key.txt file, write the content, push to the origin from master branch.

VOILA, after staging and commiting, you will see there's no change in the working tree.

Then watch out the .gitignore guy, he is a cultprit. remove the content of the .gitignore file.
then add, commit, push.

rmCBvG56y58BXzv98yZGdO7ATVL5dW8y

----------------------------------------------------------------------------------------------
nivel 32-33

ssh bandit32@bandit.labs.overthewire.org -p 2220

So everything we type seems to be made uppercase which is not the usual case in terminal shell.

The only things in Linux that are uppercase is variables. Specifically, the variable $0 has a reference to a shell. You can see this with echo $0 on your machine.

$whoami
bandit33

wow, that means this sh is owned by bandit33
so print the pass form etc/bandit_pass/bandit33

$cat /etc/bandit_pass/bandit33
odHo63fHiFqcWWJG9rLiLDtPm45KzUKy


voila! this is the last level and to check whether you are correct or not, try to log in to bandit33

----------------------------------------------------------------------------------------------
nivel 33-34

ssh bandit33@bandit.labs.overthewire.org -p 2220